<!doctype html>
<html>
<head>
<meta charset="utf-8" />
<title>a</title>
</head>
<body>

<div id="root"></div>

</body>
</html>

<link rel="stylesheet" href="./.koi/koi.css" />
<script>
  window.routerBase = location.pathname.split('/').slice(0, -3).concat('').join('/');
  window.resourceBaseUrl = location.origin + window.routerBase + '.koi/';
</script>
<script src="./.koi/koi.js"></script>
<script src="./.koi/page__a.async.js"></script>
