<title>b</title>
<h1>Hello</h1>

<link rel="stylesheet" href="./.koi/koi.css" />
<script>
  window.routerBase = location.pathname.split('/').slice(0, -3).concat('').join('/');
  window.resourceBaseUrl = location.origin + window.routerBase + '.koi/';
</script>
<script src="./.koi/koi.js"></script>
<script src="./.koi/page__c.async.js"></script>
